*%(basename)s:9: SyntaxError: The requested module 'modules-import6.js' does not provide an export named 'c'
import {c} from "modules-import6.js";
        ^
SyntaxError: The requested module 'modules-import6.js' does not provide an export named 'c'

