wasm-function[0]:1: RuntimeError: unreachable
RuntimeError: unreachable
    at main (wasm-function[0]:1)
    at *%(basename)s:12:31

