*%(basename)s:7: SyntaxError: The requested module does not provide an export named 'default'
import foo from "modules-import3.js";
       ^^^
SyntaxError: The requested module does not provide an export named 'default'

