#
# Autogenerated by generate-bytecode-expectations.
#

---
wrap: yes

---
snippet: "
  const x = 10; function f1() {return x;}
"
frame size: 1
parameter count: 1
bytecode array length: 15
bytecodes: [
                B(CreateFunctionContext), U8(0), U8(1),
                B(PushContext), R(0),
                B(LdaTheHole),
                B(StaCurrentContextSlot), U8(4),
  /*   30 E> */ B(StackCheck),
  /*   44 S> */ B(LdaSmi), I8(10),
  /*   44 E> */ B(StaCurrentContextSlot), U8(4),
                B(LdaUndefined),
  /*   74 S> */ B(Return),
]
constant pool: [
  SCOPE_INFO_TYPE,
]
handlers: [
]

---
snippet: "
  const x = 10; function f1() {return x;} return x;
"
frame size: 1
parameter count: 1
bytecode array length: 16
bytecodes: [
                B(CreateFunctionContext), U8(0), U8(1),
                B(PushContext), R(0),
                B(LdaTheHole),
                B(StaCurrentContextSlot), U8(4),
  /*   30 E> */ B(StackCheck),
  /*   44 S> */ B(LdaSmi), I8(10),
  /*   44 E> */ B(StaCurrentContextSlot), U8(4),
  /*   74 S> */ B(LdaImmutableCurrentContextSlot), U8(4),
  /*   83 S> */ B(Return),
]
constant pool: [
  SCOPE_INFO_TYPE,
]
handlers: [
]

---
snippet: "
  const x = (x = 20); function f1() {return x;}
"
frame size: 2
parameter count: 1
bytecode array length: 26
bytecodes: [
                B(CreateFunctionContext), U8(0), U8(1),
                B(PushContext), R(0),
                B(LdaTheHole),
                B(StaCurrentContextSlot), U8(4),
  /*   30 E> */ B(StackCheck),
  /*   44 S> */ B(LdaSmi), I8(20),
                B(Star), R(1),
                B(LdaCurrentContextSlot), U8(4),
  /*   47 E> */ B(ThrowReferenceErrorIfHole), U8(1),
                B(CallRuntime), U16(Runtime::kThrowConstAssignError), R(0), U8(0),
  /*   44 E> */ B(StaCurrentContextSlot), U8(4),
                B(LdaUndefined),
  /*   80 S> */ B(Return),
]
constant pool: [
  SCOPE_INFO_TYPE,
  ONE_BYTE_INTERNALIZED_STRING_TYPE ["x"],
]
handlers: [
]

---
snippet: "
  const x = 10; x = 20; function f1() {return x;}
"
frame size: 1
parameter count: 1
bytecode array length: 22
bytecodes: [
                B(CreateFunctionContext), U8(0), U8(1),
                B(PushContext), R(0),
                B(LdaTheHole),
                B(StaCurrentContextSlot), U8(4),
  /*   30 E> */ B(StackCheck),
  /*   44 S> */ B(LdaSmi), I8(10),
  /*   44 E> */ B(StaCurrentContextSlot), U8(4),
  /*   48 S> */ B(LdaSmi), I8(20),
  /*   50 E> */ B(CallRuntime), U16(Runtime::kThrowConstAssignError), R(0), U8(0),
                B(LdaUndefined),
  /*   82 S> */ B(Return),
]
constant pool: [
  SCOPE_INFO_TYPE,
]
handlers: [
]

