#
# Autogenerated by generate-bytecode-expectations.
#

---
wrap: yes
private methods: yes

---
snippet: "
  {
    class A {
      #a() { return 1; }
    }
  }
"
frame size: 7
parameter count: 1
bytecode array length: 52
bytecodes: [
  /*   30 E> */ B(StackCheck),
                B(CreateBlockContext), U8(0),
                B(PushContext), R(1),
                B(LdaConstant), U8(2),
                B(Star), R(3),
                B(CallRuntime), U16(Runtime::kCreatePrivateNameSymbol), R(3), U8(1),
                B(StaCurrentContextSlot), U8(5),
                B(LdaTheHole),
                B(Star), R(6),
                B(CreateClosure), U8(3), U8(0), U8(2),
                B(Star), R(2),
                B(LdaConstant), U8(1),
                B(Star), R(4),
                B(Mov), R(2), R(5),
                B(CallRuntime), U16(Runtime::kDefineClass), R(4), U8(3),
                B(Star), R(4),
                B(CreateClosure), U8(4), U8(1), U8(2),
                B(StaCurrentContextSlot), U8(4),
                B(PopContext), R(1),
                B(Mov), R(5), R(0),
                B(LdaUndefined),
  /*   77 S> */ B(Return),
]
constant pool: [
  SCOPE_INFO_TYPE,
  FIXED_ARRAY_TYPE,
  ONE_BYTE_INTERNALIZED_STRING_TYPE ["A"],
  SHARED_FUNCTION_INFO_TYPE,
  SHARED_FUNCTION_INFO_TYPE,
]
handlers: [
]

---
snippet: "
  {
    class D {
      #d() { return 1; }
    }
    class E extends D {
      #e() { return 2; }
    }
  }
"
frame size: 8
parameter count: 1
bytecode array length: 101
bytecodes: [
  /*   30 E> */ B(StackCheck),
                B(CreateBlockContext), U8(0),
                B(PushContext), R(2),
                B(LdaConstant), U8(2),
                B(Star), R(4),
                B(CallRuntime), U16(Runtime::kCreatePrivateNameSymbol), R(4), U8(1),
                B(StaCurrentContextSlot), U8(5),
                B(LdaTheHole),
                B(Star), R(7),
                B(CreateClosure), U8(3), U8(0), U8(2),
                B(Star), R(3),
                B(LdaConstant), U8(1),
                B(Star), R(5),
                B(Mov), R(3), R(6),
                B(CallRuntime), U16(Runtime::kDefineClass), R(5), U8(3),
                B(Star), R(5),
                B(CreateClosure), U8(4), U8(1), U8(2),
                B(StaCurrentContextSlot), U8(4),
                B(PopContext), R(2),
                B(Mov), R(6), R(0),
  /*   38 E> */ B(CreateBlockContext), U8(5),
                B(PushContext), R(2),
                B(LdaConstant), U8(7),
                B(Star), R(4),
                B(CallRuntime), U16(Runtime::kCreatePrivateNameSymbol), R(4), U8(1),
                B(StaCurrentContextSlot), U8(5),
  /*   93 E> */ B(CreateClosure), U8(8), U8(2), U8(2),
                B(Star), R(3),
                B(LdaConstant), U8(6),
                B(Star), R(5),
                B(Mov), R(3), R(6),
                B(Mov), R(0), R(7),
                B(CallRuntime), U16(Runtime::kDefineClass), R(5), U8(3),
                B(Star), R(5),
                B(CreateClosure), U8(9), U8(3), U8(2),
                B(StaCurrentContextSlot), U8(4),
                B(PopContext), R(2),
                B(Mov), R(6), R(1),
                B(LdaUndefined),
  /*  126 S> */ B(Return),
]
constant pool: [
  SCOPE_INFO_TYPE,
  FIXED_ARRAY_TYPE,
  ONE_BYTE_INTERNALIZED_STRING_TYPE ["D"],
  SHARED_FUNCTION_INFO_TYPE,
  SHARED_FUNCTION_INFO_TYPE,
  SCOPE_INFO_TYPE,
  FIXED_ARRAY_TYPE,
  ONE_BYTE_INTERNALIZED_STRING_TYPE ["E"],
  SHARED_FUNCTION_INFO_TYPE,
  SHARED_FUNCTION_INFO_TYPE,
]
handlers: [
]

---
snippet: "
  {
    class A { foo() {} }
    class C extends A {
      #m() { return super.foo; }
    }
  }
"
frame size: 8
parameter count: 1
bytecode array length: 98
bytecodes: [
  /*   30 E> */ B(StackCheck),
                B(CreateBlockContext), U8(0),
                B(PushContext), R(2),
                B(LdaTheHole),
                B(Star), R(6),
                B(CreateClosure), U8(2), U8(0), U8(2),
                B(Star), R(3),
                B(LdaConstant), U8(1),
                B(Star), R(4),
                B(CreateClosure), U8(3), U8(1), U8(2),
                B(Star), R(7),
                B(Mov), R(3), R(5),
                B(CallRuntime), U16(Runtime::kDefineClass), R(4), U8(4),
                B(Star), R(4),
                B(PopContext), R(2),
                B(Mov), R(5), R(0),
  /*   38 E> */ B(CreateBlockContext), U8(4),
                B(PushContext), R(2),
                B(LdaConstant), U8(6),
                B(Star), R(4),
                B(CallRuntime), U16(Runtime::kCreatePrivateNameSymbol), R(4), U8(1),
                B(StaCurrentContextSlot), U8(5),
  /*   77 E> */ B(CreateClosure), U8(7), U8(2), U8(2),
                B(Star), R(3),
                B(LdaConstant), U8(5),
                B(Star), R(5),
                B(Mov), R(3), R(6),
                B(Mov), R(0), R(7),
                B(CallRuntime), U16(Runtime::kDefineClass), R(5), U8(3),
                B(Star), R(5),
                B(CreateClosure), U8(8), U8(3), U8(2),
                B(StaCurrentContextSlot), U8(4),
                B(Star), R(6),
                B(Ldar), R(5),
                B(StaNamedProperty), R(6), U8(9), U8(0),
                B(PopContext), R(2),
                B(Mov), R(3), R(1),
                B(LdaUndefined),
  /*  118 S> */ B(Return),
]
constant pool: [
  SCOPE_INFO_TYPE,
  FIXED_ARRAY_TYPE,
  SHARED_FUNCTION_INFO_TYPE,
  SHARED_FUNCTION_INFO_TYPE,
  SCOPE_INFO_TYPE,
  FIXED_ARRAY_TYPE,
  ONE_BYTE_INTERNALIZED_STRING_TYPE ["C"],
  SHARED_FUNCTION_INFO_TYPE,
  SHARED_FUNCTION_INFO_TYPE,
  SYMBOL_TYPE,
]
handlers: [
]

