RuntimeError: unreachable
    at wasm-function[0]:1
    at pair (test/message/wasm-no-name-async.js:18:27)
    at promise.then.result (test/mjsunit/mjsunit.js:*)
