#
# Autogenerated by generate-bytecode-expectations.
#

---
wrap: yes

---
snippet: "
  var x = 0.1;
  var x = 0.1;
  var x = 0.1;
  var x = 0.1;
  var x = 0.1;
  var x = 0.1;
  var x = 0.1;
  var x = 0.1;
  var x = 0.1;
  var x = 0.1;
  var x = 0.1;
  var x = 0.1;
  var x = 0.1;
  var x = 0.1;
  var x = 0.1;
  var x = 0.1;
  var x = 0.1;
  var x = 0.1;
  var x = 0.1;
  var x = 0.1;
  var x = 0.1;
  var x = 0.1;
  var x = 0.1;
  var x = 0.1;
  var x = 0.1;
  var x = 0.1;
  var x = 0.1;
  var x = 0.1;
  var x = 0.1;
  var x = 0.1;
  var x = 0.1;
  var x = 0.1;
  var x = 0.1;
  var x = 0.1;
  var x = 0.1;
  var x = 0.1;
  var x = 0.1;
  var x = 0.1;
  var x = 0.1;
  var x = 0.1;
  var x = 0.1;
  var x = 0.1;
  var x = 0.1;
  var x = 0.1;
  var x = 0.1;
  var x = 0.1;
  var x = 0.1;
  var x = 0.1;
  var x = 0.1;
  var x = 0.1;
  var x = 0.1;
  var x = 0.1;
  var x = 0.1;
  var x = 0.1;
  var x = 0.1;
  var x = 0.1;
  var x = 0.1;
  var x = 0.1;
  var x = 0.1;
  var x = 0.1;
  var x = 0.1;
  var x = 0.1;
  var x = 0.1;
  var x = 0.1;
  var x = 0.1;
  var x = 0.1;
  var x = 0.1;
  var x = 0.1;
  var x = 0.1;
  var x = 0.1;
  var x = 0.1;
  var x = 0.1;
  var x = 0.1;
  var x = 0.1;
  var x = 0.1;
  var x = 0.1;
  var x = 0.1;
  var x = 0.1;
  var x = 0.1;
  var x = 0.1;
  var x = 0.1;
  var x = 0.1;
  var x = 0.1;
  var x = 0.1;
  var x = 0.1;
  var x = 0.1;
  var x = 0.1;
  var x = 0.1;
  var x = 0.1;
  var x = 0.1;
  var x = 0.1;
  var x = 0.1;
  var x = 0.1;
  var x = 0.1;
  var x = 0.1;
  var x = 0.1;
  var x = 0.1;
  var x = 0.1;
  var x = 0.1;
  var x = 0.1;
  var x = 0.1;
  var x = 0.1;
  var x = 0.1;
  var x = 0.1;
  var x = 0.1;
  var x = 0.1;
  var x = 0.1;
  var x = 0.1;
  var x = 0.1;
  var x = 0.1;
  var x = 0.1;
  var x = 0.1;
  var x = 0.1;
  var x = 0.1;
  var x = 0.1;
  var x = 0.1;
  var x = 0.1;
  var x = 0.1;
  var x = 0.1;
  var x = 0.1;
  var x = 0.1;
  var x = 0.1;
  var x = 0.1;
  var x = 0.1;
  var x = 0.1;
  var x = 0.1;
  var x = 0.1;
  var x = 0.1;
  var x = 0.1;
  var x = 0.1;
  var x = 0.1;
  var x = 0.1;
  var x = 0.1;
  var x = 0.1;
  var x = 0.1;
  var x = 0.1;
  var x = 0.1;
  var x = 0.1;
  var x = 0.1;
  var x = 0.1;
  var x = 0.1;
  var x = 0.1;
  var x = 0.1;
  var x = 0.1;
  var x = 0.1;
  var x = 0.1;
  var x = 0.1;
  var x = 0.1;
  var x = 0.1;
  var x = 0.1;
  var x = 0.1;
  var x = 0.1;
  var x = 0.1;
  var x = 0.1;
  var x = 0.1;
  var x = 0.1;
  var x = 0.1;
  var x = 0.1;
  var x = 0.1;
  var x = 0.1;
  var x = 0.1;
  var x = 0.1;
  var x = 0.1;
  var x = 0.1;
  var x = 0.1;
  var x = 0.1;
  var x = 0.1;
  var x = 0.1;
  var x = 0.1;
  var x = 0.1;
  var x = 0.1;
  var x = 0.1;
  var x = 0.1;
  var x = 0.1;
  var x = 0.1;
  var x = 0.1;
  var x = 0.1;
  var x = 0.1;
  var x = 0.1;
  var x = 0.1;
  var x = 0.1;
  var x = 0.1;
  var x = 0.1;
  var x = 0.1;
  var x = 0.1;
  var x = 0.1;
  var x = 0.1;
  var x = 0.1;
  var x = 0.1;
  var x = 0.1;
  var x = 0.1;
  var x = 0.1;
  var x = 0.1;
  var x = 0.1;
  var x = 0.1;
  var x = 0.1;
  var x = 0.1;
  var x = 0.1;
  var x = 0.1;
  var x = 0.1;
  var x = 0.1;
  var x = 0.1;
  var x = 0.1;
  var x = 0.1;
  var x = 0.1;
  var x = 0.1;
  var x = 0.1;
  var x = 0.1;
  var x = 0.1;
  var x = 0.1;
  var x = 0.1;
  var x = 0.1;
  var x = 0.1;
  var x = 0.1;
  var x = 0.1;
  var x = 0.1;
  var x = 0.1;
  var x = 0.1;
  var x = 0.1;
  var x = 0.1;
  var x = 0.1;
  var x = 0.1;
  var x = 0.1;
  var x = 0.1;
  var x = 0.1;
  var x = 0.1;
  var x = 0.1;
  var x = 0.1;
  var x = 0.1;
  var x = 0.1;
  var x = 0.1;
  var x = 0.1;
  var x = 0.1;
  var x = 0.1;
  var x = 0.1;
  var x = 0.1;
  var x = 0.1;
  var x = 0.1;
  var x = 0.1;
  var x = 0.1;
  var x = 0.1;
  var x = 0.1;
  var x = 0.1;
  var x = 0.1;
  var x = 0.1;
  var x = 0.1;
  var x = 0.1;
  var x = 0.1;
  var x = 0.1;
  var x = 0.1;
  var x = 0.1;
  var x = 0.1;
  var x = 0.1;
  var x = 0.1;
  var x = 0.1;
  var x = 0.1;
  var x = 0.2;
  var x = 0.2;
  var x = 0.2;
  var x = 0.2;
  var x = 0.2;
  var x = 0.2;
  var x = 0.2;
  var x = 0.2;
  var x = 0.2;
  var x = 0.2;
  var x = 0.2;
  var x = 0.2;
  var x = 0.2;
  var x = 0.2;
  var x = 0.2;
  var x = 0.2;
  var x = 0.2;
  var x = 0.2;
  var x = 0.2;
  var x = 0.2;
  var x = 0.2;
  var x = 0.2;
  var x = 0.2;
  var x = 0.2;
  var x = 0.2;
  var x = 0.2;
  var x = 0.2;
  var x = 0.2;
  var x = 0.2;
  var x = 0.2;
  var x = 0.2;
  var x = 0.2;
  var x = 0.3;
  var x = 0.3;
  var x = 0.3;
  var x = 0.3;
  var x = 0.3;
  var x = 0.3;
  var x = 0.3;
  var x = 0.3;
  var x = 0.3;
  var x = 0.3;
  var x = 0.3;
  var x = 0.3;
  var x = 0.3;
  var x = 0.3;
  var x = 0.3;
  var x = 0.3;
  var x = 0.4;
  var x = 0.4;
  var x = 0.4;
  var x = 0.4;
  var x = 0.4;
  var x = 0.4;
  var x = 0.4;
  var x = 0.4;
  for (var i = 0; i < 3; i++) {
    if (i == 1) continue;
    if (i == 2) break;
  }
  return 3;
"
frame size: 2
parameter count: 1
bytecode array length: 1412
bytecodes: [
  /*   30 E> */ B(StackCheck),
  /*   42 S> */ B(LdaConstant), U8(0),
                B(Star), R(0),
  /*   55 S> */ B(LdaConstant), U8(1),
                B(Star), R(0),
  /*   68 S> */ B(LdaConstant), U8(2),
                B(Star), R(0),
  /*   81 S> */ B(LdaConstant), U8(3),
                B(Star), R(0),
  /*   94 S> */ B(LdaConstant), U8(4),
                B(Star), R(0),
  /*  107 S> */ B(LdaConstant), U8(5),
                B(Star), R(0),
  /*  120 S> */ B(LdaConstant), U8(6),
                B(Star), R(0),
  /*  133 S> */ B(LdaConstant), U8(7),
                B(Star), R(0),
  /*  146 S> */ B(LdaConstant), U8(8),
                B(Star), R(0),
  /*  159 S> */ B(LdaConstant), U8(9),
                B(Star), R(0),
  /*  172 S> */ B(LdaConstant), U8(10),
                B(Star), R(0),
  /*  185 S> */ B(LdaConstant), U8(11),
                B(Star), R(0),
  /*  198 S> */ B(LdaConstant), U8(12),
                B(Star), R(0),
  /*  211 S> */ B(LdaConstant), U8(13),
                B(Star), R(0),
  /*  224 S> */ B(LdaConstant), U8(14),
                B(Star), R(0),
  /*  237 S> */ B(LdaConstant), U8(15),
                B(Star), R(0),
  /*  250 S> */ B(LdaConstant), U8(16),
                B(Star), R(0),
  /*  263 S> */ B(LdaConstant), U8(17),
                B(Star), R(0),
  /*  276 S> */ B(LdaConstant), U8(18),
                B(Star), R(0),
  /*  289 S> */ B(LdaConstant), U8(19),
                B(Star), R(0),
  /*  302 S> */ B(LdaConstant), U8(20),
                B(Star), R(0),
  /*  315 S> */ B(LdaConstant), U8(21),
                B(Star), R(0),
  /*  328 S> */ B(LdaConstant), U8(22),
                B(Star), R(0),
  /*  341 S> */ B(LdaConstant), U8(23),
                B(Star), R(0),
  /*  354 S> */ B(LdaConstant), U8(24),
                B(Star), R(0),
  /*  367 S> */ B(LdaConstant), U8(25),
                B(Star), R(0),
  /*  380 S> */ B(LdaConstant), U8(26),
                B(Star), R(0),
  /*  393 S> */ B(LdaConstant), U8(27),
                B(Star), R(0),
  /*  406 S> */ B(LdaConstant), U8(28),
                B(Star), R(0),
  /*  419 S> */ B(LdaConstant), U8(29),
                B(Star), R(0),
  /*  432 S> */ B(LdaConstant), U8(30),
                B(Star), R(0),
  /*  445 S> */ B(LdaConstant), U8(31),
                B(Star), R(0),
  /*  458 S> */ B(LdaConstant), U8(32),
                B(Star), R(0),
  /*  471 S> */ B(LdaConstant), U8(33),
                B(Star), R(0),
  /*  484 S> */ B(LdaConstant), U8(34),
                B(Star), R(0),
  /*  497 S> */ B(LdaConstant), U8(35),
                B(Star), R(0),
  /*  510 S> */ B(LdaConstant), U8(36),
                B(Star), R(0),
  /*  523 S> */ B(LdaConstant), U8(37),
                B(Star), R(0),
  /*  536 S> */ B(LdaConstant), U8(38),
                B(Star), R(0),
  /*  549 S> */ B(LdaConstant), U8(39),
                B(Star), R(0),
  /*  562 S> */ B(LdaConstant), U8(40),
                B(Star), R(0),
  /*  575 S> */ B(LdaConstant), U8(41),
                B(Star), R(0),
  /*  588 S> */ B(LdaConstant), U8(42),
                B(Star), R(0),
  /*  601 S> */ B(LdaConstant), U8(43),
                B(Star), R(0),
  /*  614 S> */ B(LdaConstant), U8(44),
                B(Star), R(0),
  /*  627 S> */ B(LdaConstant), U8(45),
                B(Star), R(0),
  /*  640 S> */ B(LdaConstant), U8(46),
                B(Star), R(0),
  /*  653 S> */ B(LdaConstant), U8(47),
                B(Star), R(0),
  /*  666 S> */ B(LdaConstant), U8(48),
                B(Star), R(0),
  /*  679 S> */ B(LdaConstant), U8(49),
                B(Star), R(0),
  /*  692 S> */ B(LdaConstant), U8(50),
                B(Star), R(0),
  /*  705 S> */ B(LdaConstant), U8(51),
                B(Star), R(0),
  /*  718 S> */ B(LdaConstant), U8(52),
                B(Star), R(0),
  /*  731 S> */ B(LdaConstant), U8(53),
                B(Star), R(0),
  /*  744 S> */ B(LdaConstant), U8(54),
                B(Star), R(0),
  /*  757 S> */ B(LdaConstant), U8(55),
                B(Star), R(0),
  /*  770 S> */ B(LdaConstant), U8(56),
                B(Star), R(0),
  /*  783 S> */ B(LdaConstant), U8(57),
                B(Star), R(0),
  /*  796 S> */ B(LdaConstant), U8(58),
                B(Star), R(0),
  /*  809 S> */ B(LdaConstant), U8(59),
                B(Star), R(0),
  /*  822 S> */ B(LdaConstant), U8(60),
                B(Star), R(0),
  /*  835 S> */ B(LdaConstant), U8(61),
                B(Star), R(0),
  /*  848 S> */ B(LdaConstant), U8(62),
                B(Star), R(0),
  /*  861 S> */ B(LdaConstant), U8(63),
                B(Star), R(0),
  /*  874 S> */ B(LdaConstant), U8(64),
                B(Star), R(0),
  /*  887 S> */ B(LdaConstant), U8(65),
                B(Star), R(0),
  /*  900 S> */ B(LdaConstant), U8(66),
                B(Star), R(0),
  /*  913 S> */ B(LdaConstant), U8(67),
                B(Star), R(0),
  /*  926 S> */ B(LdaConstant), U8(68),
                B(Star), R(0),
  /*  939 S> */ B(LdaConstant), U8(69),
                B(Star), R(0),
  /*  952 S> */ B(LdaConstant), U8(70),
                B(Star), R(0),
  /*  965 S> */ B(LdaConstant), U8(71),
                B(Star), R(0),
  /*  978 S> */ B(LdaConstant), U8(72),
                B(Star), R(0),
  /*  991 S> */ B(LdaConstant), U8(73),
                B(Star), R(0),
  /* 1004 S> */ B(LdaConstant), U8(74),
                B(Star), R(0),
  /* 1017 S> */ B(LdaConstant), U8(75),
                B(Star), R(0),
  /* 1030 S> */ B(LdaConstant), U8(76),
                B(Star), R(0),
  /* 1043 S> */ B(LdaConstant), U8(77),
                B(Star), R(0),
  /* 1056 S> */ B(LdaConstant), U8(78),
                B(Star), R(0),
  /* 1069 S> */ B(LdaConstant), U8(79),
                B(Star), R(0),
  /* 1082 S> */ B(LdaConstant), U8(80),
                B(Star), R(0),
  /* 1095 S> */ B(LdaConstant), U8(81),
                B(Star), R(0),
  /* 1108 S> */ B(LdaConstant), U8(82),
                B(Star), R(0),
  /* 1121 S> */ B(LdaConstant), U8(83),
                B(Star), R(0),
  /* 1134 S> */ B(LdaConstant), U8(84),
                B(Star), R(0),
  /* 1147 S> */ B(LdaConstant), U8(85),
                B(Star), R(0),
  /* 1160 S> */ B(LdaConstant), U8(86),
                B(Star), R(0),
  /* 1173 S> */ B(LdaConstant), U8(87),
                B(Star), R(0),
  /* 1186 S> */ B(LdaConstant), U8(88),
                B(Star), R(0),
  /* 1199 S> */ B(LdaConstant), U8(89),
                B(Star), R(0),
  /* 1212 S> */ B(LdaConstant), U8(90),
                B(Star), R(0),
  /* 1225 S> */ B(LdaConstant), U8(91),
                B(Star), R(0),
  /* 1238 S> */ B(LdaConstant), U8(92),
                B(Star), R(0),
  /* 1251 S> */ B(LdaConstant), U8(93),
                B(Star), R(0),
  /* 1264 S> */ B(LdaConstant), U8(94),
                B(Star), R(0),
  /* 1277 S> */ B(LdaConstant), U8(95),
                B(Star), R(0),
  /* 1290 S> */ B(LdaConstant), U8(96),
                B(Star), R(0),
  /* 1303 S> */ B(LdaConstant), U8(97),
                B(Star), R(0),
  /* 1316 S> */ B(LdaConstant), U8(98),
                B(Star), R(0),
  /* 1329 S> */ B(LdaConstant), U8(99),
                B(Star), R(0),
  /* 1342 S> */ B(LdaConstant), U8(100),
                B(Star), R(0),
  /* 1355 S> */ B(LdaConstant), U8(101),
                B(Star), R(0),
  /* 1368 S> */ B(LdaConstant), U8(102),
                B(Star), R(0),
  /* 1381 S> */ B(LdaConstant), U8(103),
                B(Star), R(0),
  /* 1394 S> */ B(LdaConstant), U8(104),
                B(Star), R(0),
  /* 1407 S> */ B(LdaConstant), U8(105),
                B(Star), R(0),
  /* 1420 S> */ B(LdaConstant), U8(106),
                B(Star), R(0),
  /* 1433 S> */ B(LdaConstant), U8(107),
                B(Star), R(0),
  /* 1446 S> */ B(LdaConstant), U8(108),
                B(Star), R(0),
  /* 1459 S> */ B(LdaConstant), U8(109),
                B(Star), R(0),
  /* 1472 S> */ B(LdaConstant), U8(110),
                B(Star), R(0),
  /* 1485 S> */ B(LdaConstant), U8(111),
                B(Star), R(0),
  /* 1498 S> */ B(LdaConstant), U8(112),
                B(Star), R(0),
  /* 1511 S> */ B(LdaConstant), U8(113),
                B(Star), R(0),
  /* 1524 S> */ B(LdaConstant), U8(114),
                B(Star), R(0),
  /* 1537 S> */ B(LdaConstant), U8(115),
                B(Star), R(0),
  /* 1550 S> */ B(LdaConstant), U8(116),
                B(Star), R(0),
  /* 1563 S> */ B(LdaConstant), U8(117),
                B(Star), R(0),
  /* 1576 S> */ B(LdaConstant), U8(118),
                B(Star), R(0),
  /* 1589 S> */ B(LdaConstant), U8(119),
                B(Star), R(0),
  /* 1602 S> */ B(LdaConstant), U8(120),
                B(Star), R(0),
  /* 1615 S> */ B(LdaConstant), U8(121),
                B(Star), R(0),
  /* 1628 S> */ B(LdaConstant), U8(122),
                B(Star), R(0),
  /* 1641 S> */ B(LdaConstant), U8(123),
                B(Star), R(0),
  /* 1654 S> */ B(LdaConstant), U8(124),
                B(Star), R(0),
  /* 1667 S> */ B(LdaConstant), U8(125),
                B(Star), R(0),
  /* 1680 S> */ B(LdaConstant), U8(126),
                B(Star), R(0),
  /* 1693 S> */ B(LdaConstant), U8(127),
                B(Star), R(0),
  /* 1706 S> */ B(LdaConstant), U8(128),
                B(Star), R(0),
  /* 1719 S> */ B(LdaConstant), U8(129),
                B(Star), R(0),
  /* 1732 S> */ B(LdaConstant), U8(130),
                B(Star), R(0),
  /* 1745 S> */ B(LdaConstant), U8(131),
                B(Star), R(0),
  /* 1758 S> */ B(LdaConstant), U8(132),
                B(Star), R(0),
  /* 1771 S> */ B(LdaConstant), U8(133),
                B(Star), R(0),
  /* 1784 S> */ B(LdaConstant), U8(134),
                B(Star), R(0),
  /* 1797 S> */ B(LdaConstant), U8(135),
                B(Star), R(0),
  /* 1810 S> */ B(LdaConstant), U8(136),
                B(Star), R(0),
  /* 1823 S> */ B(LdaConstant), U8(137),
                B(Star), R(0),
  /* 1836 S> */ B(LdaConstant), U8(138),
                B(Star), R(0),
  /* 1849 S> */ B(LdaConstant), U8(139),
                B(Star), R(0),
  /* 1862 S> */ B(LdaConstant), U8(140),
                B(Star), R(0),
  /* 1875 S> */ B(LdaConstant), U8(141),
                B(Star), R(0),
  /* 1888 S> */ B(LdaConstant), U8(142),
                B(Star), R(0),
  /* 1901 S> */ B(LdaConstant), U8(143),
                B(Star), R(0),
  /* 1914 S> */ B(LdaConstant), U8(144),
                B(Star), R(0),
  /* 1927 S> */ B(LdaConstant), U8(145),
                B(Star), R(0),
  /* 1940 S> */ B(LdaConstant), U8(146),
                B(Star), R(0),
  /* 1953 S> */ B(LdaConstant), U8(147),
                B(Star), R(0),
  /* 1966 S> */ B(LdaConstant), U8(148),
                B(Star), R(0),
  /* 1979 S> */ B(LdaConstant), U8(149),
                B(Star), R(0),
  /* 1992 S> */ B(LdaConstant), U8(150),
                B(Star), R(0),
  /* 2005 S> */ B(LdaConstant), U8(151),
                B(Star), R(0),
  /* 2018 S> */ B(LdaConstant), U8(152),
                B(Star), R(0),
  /* 2031 S> */ B(LdaConstant), U8(153),
                B(Star), R(0),
  /* 2044 S> */ B(LdaConstant), U8(154),
                B(Star), R(0),
  /* 2057 S> */ B(LdaConstant), U8(155),
                B(Star), R(0),
  /* 2070 S> */ B(LdaConstant), U8(156),
                B(Star), R(0),
  /* 2083 S> */ B(LdaConstant), U8(157),
                B(Star), R(0),
  /* 2096 S> */ B(LdaConstant), U8(158),
                B(Star), R(0),
  /* 2109 S> */ B(LdaConstant), U8(159),
                B(Star), R(0),
  /* 2122 S> */ B(LdaConstant), U8(160),
                B(Star), R(0),
  /* 2135 S> */ B(LdaConstant), U8(161),
                B(Star), R(0),
  /* 2148 S> */ B(LdaConstant), U8(162),
                B(Star), R(0),
  /* 2161 S> */ B(LdaConstant), U8(163),
                B(Star), R(0),
  /* 2174 S> */ B(LdaConstant), U8(164),
                B(Star), R(0),
  /* 2187 S> */ B(LdaConstant), U8(165),
                B(Star), R(0),
  /* 2200 S> */ B(LdaConstant), U8(166),
                B(Star), R(0),
  /* 2213 S> */ B(LdaConstant), U8(167),
                B(Star), R(0),
  /* 2226 S> */ B(LdaConstant), U8(168),
                B(Star), R(0),
  /* 2239 S> */ B(LdaConstant), U8(169),
                B(Star), R(0),
  /* 2252 S> */ B(LdaConstant), U8(170),
                B(Star), R(0),
  /* 2265 S> */ B(LdaConstant), U8(171),
                B(Star), R(0),
  /* 2278 S> */ B(LdaConstant), U8(172),
                B(Star), R(0),
  /* 2291 S> */ B(LdaConstant), U8(173),
                B(Star), R(0),
  /* 2304 S> */ B(LdaConstant), U8(174),
                B(Star), R(0),
  /* 2317 S> */ B(LdaConstant), U8(175),
                B(Star), R(0),
  /* 2330 S> */ B(LdaConstant), U8(176),
                B(Star), R(0),
  /* 2343 S> */ B(LdaConstant), U8(177),
                B(Star), R(0),
  /* 2356 S> */ B(LdaConstant), U8(178),
                B(Star), R(0),
  /* 2369 S> */ B(LdaConstant), U8(179),
                B(Star), R(0),
  /* 2382 S> */ B(LdaConstant), U8(180),
                B(Star), R(0),
  /* 2395 S> */ B(LdaConstant), U8(181),
                B(Star), R(0),
  /* 2408 S> */ B(LdaConstant), U8(182),
                B(Star), R(0),
  /* 2421 S> */ B(LdaConstant), U8(183),
                B(Star), R(0),
  /* 2434 S> */ B(LdaConstant), U8(184),
                B(Star), R(0),
  /* 2447 S> */ B(LdaConstant), U8(185),
                B(Star), R(0),
  /* 2460 S> */ B(LdaConstant), U8(186),
                B(Star), R(0),
  /* 2473 S> */ B(LdaConstant), U8(187),
                B(Star), R(0),
  /* 2486 S> */ B(LdaConstant), U8(188),
                B(Star), R(0),
  /* 2499 S> */ B(LdaConstant), U8(189),
                B(Star), R(0),
  /* 2512 S> */ B(LdaConstant), U8(190),
                B(Star), R(0),
  /* 2525 S> */ B(LdaConstant), U8(191),
                B(Star), R(0),
  /* 2538 S> */ B(LdaConstant), U8(192),
                B(Star), R(0),
  /* 2551 S> */ B(LdaConstant), U8(193),
                B(Star), R(0),
  /* 2564 S> */ B(LdaConstant), U8(194),
                B(Star), R(0),
  /* 2577 S> */ B(LdaConstant), U8(195),
                B(Star), R(0),
  /* 2590 S> */ B(LdaConstant), U8(196),
                B(Star), R(0),
  /* 2603 S> */ B(LdaConstant), U8(197),
                B(Star), R(0),
  /* 2616 S> */ B(LdaConstant), U8(198),
                B(Star), R(0),
  /* 2629 S> */ B(LdaConstant), U8(199),
                B(Star), R(0),
  /* 2642 S> */ B(LdaConstant), U8(200),
                B(Star), R(0),
  /* 2655 S> */ B(LdaConstant), U8(201),
                B(Star), R(0),
  /* 2668 S> */ B(LdaConstant), U8(202),
                B(Star), R(0),
  /* 2681 S> */ B(LdaConstant), U8(203),
                B(Star), R(0),
  /* 2694 S> */ B(LdaConstant), U8(204),
                B(Star), R(0),
  /* 2707 S> */ B(LdaConstant), U8(205),
                B(Star), R(0),
  /* 2720 S> */ B(LdaConstant), U8(206),
                B(Star), R(0),
  /* 2733 S> */ B(LdaConstant), U8(207),
                B(Star), R(0),
  /* 2746 S> */ B(LdaConstant), U8(208),
                B(Star), R(0),
  /* 2759 S> */ B(LdaConstant), U8(209),
                B(Star), R(0),
  /* 2772 S> */ B(LdaConstant), U8(210),
                B(Star), R(0),
  /* 2785 S> */ B(LdaConstant), U8(211),
                B(Star), R(0),
  /* 2798 S> */ B(LdaConstant), U8(212),
                B(Star), R(0),
  /* 2811 S> */ B(LdaConstant), U8(213),
                B(Star), R(0),
  /* 2824 S> */ B(LdaConstant), U8(214),
                B(Star), R(0),
  /* 2837 S> */ B(LdaConstant), U8(215),
                B(Star), R(0),
  /* 2850 S> */ B(LdaConstant), U8(216),
                B(Star), R(0),
  /* 2863 S> */ B(LdaConstant), U8(217),
                B(Star), R(0),
  /* 2876 S> */ B(LdaConstant), U8(218),
                B(Star), R(0),
  /* 2889 S> */ B(LdaConstant), U8(219),
                B(Star), R(0),
  /* 2902 S> */ B(LdaConstant), U8(220),
                B(Star), R(0),
  /* 2915 S> */ B(LdaConstant), U8(221),
                B(Star), R(0),
  /* 2928 S> */ B(LdaConstant), U8(222),
                B(Star), R(0),
  /* 2941 S> */ B(LdaConstant), U8(223),
                B(Star), R(0),
  /* 2954 S> */ B(LdaConstant), U8(224),
                B(Star), R(0),
  /* 2967 S> */ B(LdaConstant), U8(225),
                B(Star), R(0),
  /* 2980 S> */ B(LdaConstant), U8(226),
                B(Star), R(0),
  /* 2993 S> */ B(LdaConstant), U8(227),
                B(Star), R(0),
  /* 3006 S> */ B(LdaConstant), U8(228),
                B(Star), R(0),
  /* 3019 S> */ B(LdaConstant), U8(229),
                B(Star), R(0),
  /* 3032 S> */ B(LdaConstant), U8(230),
                B(Star), R(0),
  /* 3045 S> */ B(LdaConstant), U8(231),
                B(Star), R(0),
  /* 3058 S> */ B(LdaConstant), U8(232),
                B(Star), R(0),
  /* 3071 S> */ B(LdaConstant), U8(233),
                B(Star), R(0),
  /* 3084 S> */ B(LdaConstant), U8(234),
                B(Star), R(0),
  /* 3097 S> */ B(LdaConstant), U8(235),
                B(Star), R(0),
  /* 3110 S> */ B(LdaConstant), U8(236),
                B(Star), R(0),
  /* 3123 S> */ B(LdaConstant), U8(237),
                B(Star), R(0),
  /* 3136 S> */ B(LdaConstant), U8(238),
                B(Star), R(0),
  /* 3149 S> */ B(LdaConstant), U8(239),
                B(Star), R(0),
  /* 3162 S> */ B(LdaConstant), U8(240),
                B(Star), R(0),
  /* 3175 S> */ B(LdaConstant), U8(241),
                B(Star), R(0),
  /* 3188 S> */ B(LdaConstant), U8(242),
                B(Star), R(0),
  /* 3201 S> */ B(LdaConstant), U8(243),
                B(Star), R(0),
  /* 3214 S> */ B(LdaConstant), U8(244),
                B(Star), R(0),
  /* 3227 S> */ B(LdaConstant), U8(245),
                B(Star), R(0),
  /* 3240 S> */ B(LdaConstant), U8(246),
                B(Star), R(0),
  /* 3253 S> */ B(LdaConstant), U8(247),
                B(Star), R(0),
  /* 3266 S> */ B(LdaConstant), U8(248),
                B(Star), R(0),
  /* 3279 S> */ B(LdaConstant), U8(249),
                B(Star), R(0),
  /* 3292 S> */ B(LdaConstant), U8(250),
                B(Star), R(0),
  /* 3305 S> */ B(LdaConstant), U8(251),
                B(Star), R(0),
  /* 3318 S> */ B(LdaConstant), U8(252),
                B(Star), R(0),
  /* 3331 S> */ B(LdaConstant), U8(253),
                B(Star), R(0),
  /* 3344 S> */ B(LdaConstant), U8(254),
                B(Star), R(0),
  /* 3357 S> */ B(LdaConstant), U8(255),
                B(Star), R(0),
  /* 3370 S> */ B(Wide), B(LdaConstant), U16(256),
                B(Star), R(0),
  /* 3383 S> */ B(Wide), B(LdaConstant), U16(257),
                B(Star), R(0),
  /* 3396 S> */ B(Wide), B(LdaConstant), U16(258),
                B(Star), R(0),
  /* 3409 S> */ B(Wide), B(LdaConstant), U16(259),
                B(Star), R(0),
  /* 3422 S> */ B(Wide), B(LdaConstant), U16(260),
                B(Star), R(0),
  /* 3435 S> */ B(Wide), B(LdaConstant), U16(261),
                B(Star), R(0),
  /* 3448 S> */ B(Wide), B(LdaConstant), U16(262),
                B(Star), R(0),
  /* 3461 S> */ B(Wide), B(LdaConstant), U16(263),
                B(Star), R(0),
  /* 3474 S> */ B(Wide), B(LdaConstant), U16(264),
                B(Star), R(0),
  /* 3487 S> */ B(Wide), B(LdaConstant), U16(265),
                B(Star), R(0),
  /* 3500 S> */ B(Wide), B(LdaConstant), U16(266),
                B(Star), R(0),
  /* 3513 S> */ B(Wide), B(LdaConstant), U16(267),
                B(Star), R(0),
  /* 3526 S> */ B(Wide), B(LdaConstant), U16(268),
                B(Star), R(0),
  /* 3539 S> */ B(Wide), B(LdaConstant), U16(269),
                B(Star), R(0),
  /* 3552 S> */ B(Wide), B(LdaConstant), U16(270),
                B(Star), R(0),
  /* 3565 S> */ B(Wide), B(LdaConstant), U16(271),
                B(Star), R(0),
  /* 3578 S> */ B(Wide), B(LdaConstant), U16(272),
                B(Star), R(0),
  /* 3591 S> */ B(Wide), B(LdaConstant), U16(273),
                B(Star), R(0),
  /* 3604 S> */ B(Wide), B(LdaConstant), U16(274),
                B(Star), R(0),
  /* 3617 S> */ B(Wide), B(LdaConstant), U16(275),
                B(Star), R(0),
  /* 3630 S> */ B(Wide), B(LdaConstant), U16(276),
                B(Star), R(0),
  /* 3643 S> */ B(Wide), B(LdaConstant), U16(277),
                B(Star), R(0),
  /* 3656 S> */ B(Wide), B(LdaConstant), U16(278),
                B(Star), R(0),
  /* 3669 S> */ B(Wide), B(LdaConstant), U16(279),
                B(Star), R(0),
  /* 3682 S> */ B(Wide), B(LdaConstant), U16(280),
                B(Star), R(0),
  /* 3695 S> */ B(Wide), B(LdaConstant), U16(281),
                B(Star), R(0),
  /* 3708 S> */ B(Wide), B(LdaConstant), U16(282),
                B(Star), R(0),
  /* 3721 S> */ B(Wide), B(LdaConstant), U16(283),
                B(Star), R(0),
  /* 3734 S> */ B(Wide), B(LdaConstant), U16(284),
                B(Star), R(0),
  /* 3747 S> */ B(Wide), B(LdaConstant), U16(285),
                B(Star), R(0),
  /* 3760 S> */ B(Wide), B(LdaConstant), U16(286),
                B(Star), R(0),
  /* 3773 S> */ B(Wide), B(LdaConstant), U16(287),
                B(Star), R(0),
  /* 3786 S> */ B(Wide), B(LdaConstant), U16(288),
                B(Star), R(0),
  /* 3799 S> */ B(Wide), B(LdaConstant), U16(289),
                B(Star), R(0),
  /* 3812 S> */ B(Wide), B(LdaConstant), U16(290),
                B(Star), R(0),
  /* 3825 S> */ B(Wide), B(LdaConstant), U16(291),
                B(Star), R(0),
  /* 3838 S> */ B(Wide), B(LdaConstant), U16(292),
                B(Star), R(0),
  /* 3851 S> */ B(Wide), B(LdaConstant), U16(293),
                B(Star), R(0),
  /* 3864 S> */ B(Wide), B(LdaConstant), U16(294),
                B(Star), R(0),
  /* 3877 S> */ B(Wide), B(LdaConstant), U16(295),
                B(Star), R(0),
  /* 3890 S> */ B(Wide), B(LdaConstant), U16(296),
                B(Star), R(0),
  /* 3903 S> */ B(Wide), B(LdaConstant), U16(297),
                B(Star), R(0),
  /* 3916 S> */ B(Wide), B(LdaConstant), U16(298),
                B(Star), R(0),
  /* 3929 S> */ B(Wide), B(LdaConstant), U16(299),
                B(Star), R(0),
  /* 3942 S> */ B(Wide), B(LdaConstant), U16(300),
                B(Star), R(0),
  /* 3955 S> */ B(Wide), B(LdaConstant), U16(301),
                B(Star), R(0),
  /* 3968 S> */ B(Wide), B(LdaConstant), U16(302),
                B(Star), R(0),
  /* 3981 S> */ B(Wide), B(LdaConstant), U16(303),
                B(Star), R(0),
  /* 3994 S> */ B(Wide), B(LdaConstant), U16(304),
                B(Star), R(0),
  /* 4007 S> */ B(Wide), B(LdaConstant), U16(305),
                B(Star), R(0),
  /* 4020 S> */ B(Wide), B(LdaConstant), U16(306),
                B(Star), R(0),
  /* 4033 S> */ B(Wide), B(LdaConstant), U16(307),
                B(Star), R(0),
  /* 4046 S> */ B(Wide), B(LdaConstant), U16(308),
                B(Star), R(0),
  /* 4059 S> */ B(Wide), B(LdaConstant), U16(309),
                B(Star), R(0),
  /* 4072 S> */ B(Wide), B(LdaConstant), U16(310),
                B(Star), R(0),
  /* 4085 S> */ B(Wide), B(LdaConstant), U16(311),
                B(Star), R(0),
  /* 4103 S> */ B(LdaZero),
                B(Star), R(1),
  /* 4108 S> */ B(LdaSmi), U8(3),
  /* 4108 E> */ B(TestLessThan), R(1), U8(2),
                B(Wide), B(JumpIfFalse), U16(39),
  /* 4090 E> */ B(StackCheck),
  /* 4122 S> */ B(LdaSmi), U8(1),
  /* 4128 E> */ B(TestEqual), R(1), U8(4),
                B(Wide), B(JumpIfFalse), U16(7),
  /* 4134 S> */ B(Wide), B(Jump), U16(16),
  /* 4146 S> */ B(LdaSmi), U8(2),
  /* 4152 E> */ B(TestEqual), R(1), U8(5),
                B(Wide), B(JumpIfFalse), U16(7),
  /* 4158 S> */ B(Wide), B(Jump), U16(12),
  /* 4114 S> */ B(Ldar), R(1),
                B(Inc), U8(3),
                B(Star), R(1),
                B(JumpLoop), U8(-42), U8(0),
  /* 4167 S> */ B(LdaSmi), U8(3),
  /* 4177 S> */ B(Return),
]
constant pool: [
  HEAP_NUMBER_TYPE [0.1],
  HEAP_NUMBER_TYPE [0.1],
  HEAP_NUMBER_TYPE [0.1],
  HEAP_NUMBER_TYPE [0.1],
  HEAP_NUMBER_TYPE [0.1],
  HEAP_NUMBER_TYPE [0.1],
  HEAP_NUMBER_TYPE [0.1],
  HEAP_NUMBER_TYPE [0.1],
  HEAP_NUMBER_TYPE [0.1],
  HEAP_NUMBER_TYPE [0.1],
  HEAP_NUMBER_TYPE [0.1],
  HEAP_NUMBER_TYPE [0.1],
  HEAP_NUMBER_TYPE [0.1],
  HEAP_NUMBER_TYPE [0.1],
  HEAP_NUMBER_TYPE [0.1],
  HEAP_NUMBER_TYPE [0.1],
  HEAP_NUMBER_TYPE [0.1],
  HEAP_NUMBER_TYPE [0.1],
  HEAP_NUMBER_TYPE [0.1],
  HEAP_NUMBER_TYPE [0.1],
  HEAP_NUMBER_TYPE [0.1],
  HEAP_NUMBER_TYPE [0.1],
  HEAP_NUMBER_TYPE [0.1],
  HEAP_NUMBER_TYPE [0.1],
  HEAP_NUMBER_TYPE [0.1],
  HEAP_NUMBER_TYPE [0.1],
  HEAP_NUMBER_TYPE [0.1],
  HEAP_NUMBER_TYPE [0.1],
  HEAP_NUMBER_TYPE [0.1],
  HEAP_NUMBER_TYPE [0.1],
  HEAP_NUMBER_TYPE [0.1],
  HEAP_NUMBER_TYPE [0.1],
  HEAP_NUMBER_TYPE [0.1],
  HEAP_NUMBER_TYPE [0.1],
  HEAP_NUMBER_TYPE [0.1],
  HEAP_NUMBER_TYPE [0.1],
  HEAP_NUMBER_TYPE [0.1],
  HEAP_NUMBER_TYPE [0.1],
  HEAP_NUMBER_TYPE [0.1],
  HEAP_NUMBER_TYPE [0.1],
  HEAP_NUMBER_TYPE [0.1],
  HEAP_NUMBER_TYPE [0.1],
  HEAP_NUMBER_TYPE [0.1],
  HEAP_NUMBER_TYPE [0.1],
  HEAP_NUMBER_TYPE [0.1],
  HEAP_NUMBER_TYPE [0.1],
  HEAP_NUMBER_TYPE [0.1],
  HEAP_NUMBER_TYPE [0.1],
  HEAP_NUMBER_TYPE [0.1],
  HEAP_NUMBER_TYPE [0.1],
  HEAP_NUMBER_TYPE [0.1],
  HEAP_NUMBER_TYPE [0.1],
  HEAP_NUMBER_TYPE [0.1],
  HEAP_NUMBER_TYPE [0.1],
  HEAP_NUMBER_TYPE [0.1],
  HEAP_NUMBER_TYPE [0.1],
  HEAP_NUMBER_TYPE [0.1],
  HEAP_NUMBER_TYPE [0.1],
  HEAP_NUMBER_TYPE [0.1],
  HEAP_NUMBER_TYPE [0.1],
  HEAP_NUMBER_TYPE [0.1],
  HEAP_NUMBER_TYPE [0.1],
  HEAP_NUMBER_TYPE [0.1],
  HEAP_NUMBER_TYPE [0.1],
  HEAP_NUMBER_TYPE [0.1],
  HEAP_NUMBER_TYPE [0.1],
  HEAP_NUMBER_TYPE [0.1],
  HEAP_NUMBER_TYPE [0.1],
  HEAP_NUMBER_TYPE [0.1],
  HEAP_NUMBER_TYPE [0.1],
  HEAP_NUMBER_TYPE [0.1],
  HEAP_NUMBER_TYPE [0.1],
  HEAP_NUMBER_TYPE [0.1],
  HEAP_NUMBER_TYPE [0.1],
  HEAP_NUMBER_TYPE [0.1],
  HEAP_NUMBER_TYPE [0.1],
  HEAP_NUMBER_TYPE [0.1],
  HEAP_NUMBER_TYPE [0.1],
  HEAP_NUMBER_TYPE [0.1],
  HEAP_NUMBER_TYPE [0.1],
  HEAP_NUMBER_TYPE [0.1],
  HEAP_NUMBER_TYPE [0.1],
  HEAP_NUMBER_TYPE [0.1],
  HEAP_NUMBER_TYPE [0.1],
  HEAP_NUMBER_TYPE [0.1],
  HEAP_NUMBER_TYPE [0.1],
  HEAP_NUMBER_TYPE [0.1],
  HEAP_NUMBER_TYPE [0.1],
  HEAP_NUMBER_TYPE [0.1],
  HEAP_NUMBER_TYPE [0.1],
  HEAP_NUMBER_TYPE [0.1],
  HEAP_NUMBER_TYPE [0.1],
  HEAP_NUMBER_TYPE [0.1],
  HEAP_NUMBER_TYPE [0.1],
  HEAP_NUMBER_TYPE [0.1],
  HEAP_NUMBER_TYPE [0.1],
  HEAP_NUMBER_TYPE [0.1],
  HEAP_NUMBER_TYPE [0.1],
  HEAP_NUMBER_TYPE [0.1],
  HEAP_NUMBER_TYPE [0.1],
  HEAP_NUMBER_TYPE [0.1],
  HEAP_NUMBER_TYPE [0.1],
  HEAP_NUMBER_TYPE [0.1],
  HEAP_NUMBER_TYPE [0.1],
  HEAP_NUMBER_TYPE [0.1],
  HEAP_NUMBER_TYPE [0.1],
  HEAP_NUMBER_TYPE [0.1],
  HEAP_NUMBER_TYPE [0.1],
  HEAP_NUMBER_TYPE [0.1],
  HEAP_NUMBER_TYPE [0.1],
  HEAP_NUMBER_TYPE [0.1],
  HEAP_NUMBER_TYPE [0.1],
  HEAP_NUMBER_TYPE [0.1],
  HEAP_NUMBER_TYPE [0.1],
  HEAP_NUMBER_TYPE [0.1],
  HEAP_NUMBER_TYPE [0.1],
  HEAP_NUMBER_TYPE [0.1],
  HEAP_NUMBER_TYPE [0.1],
  HEAP_NUMBER_TYPE [0.1],
  HEAP_NUMBER_TYPE [0.1],
  HEAP_NUMBER_TYPE [0.1],
  HEAP_NUMBER_TYPE [0.1],
  HEAP_NUMBER_TYPE [0.1],
  HEAP_NUMBER_TYPE [0.1],
  HEAP_NUMBER_TYPE [0.1],
  HEAP_NUMBER_TYPE [0.1],
  HEAP_NUMBER_TYPE [0.1],
  HEAP_NUMBER_TYPE [0.1],
  HEAP_NUMBER_TYPE [0.1],
  HEAP_NUMBER_TYPE [0.1],
  HEAP_NUMBER_TYPE [0.1],
  HEAP_NUMBER_TYPE [0.1],
  HEAP_NUMBER_TYPE [0.1],
  HEAP_NUMBER_TYPE [0.1],
  HEAP_NUMBER_TYPE [0.1],
  HEAP_NUMBER_TYPE [0.1],
  HEAP_NUMBER_TYPE [0.1],
  HEAP_NUMBER_TYPE [0.1],
  HEAP_NUMBER_TYPE [0.1],
  HEAP_NUMBER_TYPE [0.1],
  HEAP_NUMBER_TYPE [0.1],
  HEAP_NUMBER_TYPE [0.1],
  HEAP_NUMBER_TYPE [0.1],
  HEAP_NUMBER_TYPE [0.1],
  HEAP_NUMBER_TYPE [0.1],
  HEAP_NUMBER_TYPE [0.1],
  HEAP_NUMBER_TYPE [0.1],
  HEAP_NUMBER_TYPE [0.1],
  HEAP_NUMBER_TYPE [0.1],
  HEAP_NUMBER_TYPE [0.1],
  HEAP_NUMBER_TYPE [0.1],
  HEAP_NUMBER_TYPE [0.1],
  HEAP_NUMBER_TYPE [0.1],
  HEAP_NUMBER_TYPE [0.1],
  HEAP_NUMBER_TYPE [0.1],
  HEAP_NUMBER_TYPE [0.1],
  HEAP_NUMBER_TYPE [0.1],
  HEAP_NUMBER_TYPE [0.1],
  HEAP_NUMBER_TYPE [0.1],
  HEAP_NUMBER_TYPE [0.1],
  HEAP_NUMBER_TYPE [0.1],
  HEAP_NUMBER_TYPE [0.1],
  HEAP_NUMBER_TYPE [0.1],
  HEAP_NUMBER_TYPE [0.1],
  HEAP_NUMBER_TYPE [0.1],
  HEAP_NUMBER_TYPE [0.1],
  HEAP_NUMBER_TYPE [0.1],
  HEAP_NUMBER_TYPE [0.1],
  HEAP_NUMBER_TYPE [0.1],
  HEAP_NUMBER_TYPE [0.1],
  HEAP_NUMBER_TYPE [0.1],
  HEAP_NUMBER_TYPE [0.1],
  HEAP_NUMBER_TYPE [0.1],
  HEAP_NUMBER_TYPE [0.1],
  HEAP_NUMBER_TYPE [0.1],
  HEAP_NUMBER_TYPE [0.1],
  HEAP_NUMBER_TYPE [0.1],
  HEAP_NUMBER_TYPE [0.1],
  HEAP_NUMBER_TYPE [0.1],
  HEAP_NUMBER_TYPE [0.1],
  HEAP_NUMBER_TYPE [0.1],
  HEAP_NUMBER_TYPE [0.1],
  HEAP_NUMBER_TYPE [0.1],
  HEAP_NUMBER_TYPE [0.1],
  HEAP_NUMBER_TYPE [0.1],
  HEAP_NUMBER_TYPE [0.1],
  HEAP_NUMBER_TYPE [0.1],
  HEAP_NUMBER_TYPE [0.1],
  HEAP_NUMBER_TYPE [0.1],
  HEAP_NUMBER_TYPE [0.1],
  HEAP_NUMBER_TYPE [0.1],
  HEAP_NUMBER_TYPE [0.1],
  HEAP_NUMBER_TYPE [0.1],
  HEAP_NUMBER_TYPE [0.1],
  HEAP_NUMBER_TYPE [0.1],
  HEAP_NUMBER_TYPE [0.1],
  HEAP_NUMBER_TYPE [0.1],
  HEAP_NUMBER_TYPE [0.1],
  HEAP_NUMBER_TYPE [0.1],
  HEAP_NUMBER_TYPE [0.1],
  HEAP_NUMBER_TYPE [0.1],
  HEAP_NUMBER_TYPE [0.1],
  HEAP_NUMBER_TYPE [0.1],
  HEAP_NUMBER_TYPE [0.1],
  HEAP_NUMBER_TYPE [0.1],
  HEAP_NUMBER_TYPE [0.1],
  HEAP_NUMBER_TYPE [0.1],
  HEAP_NUMBER_TYPE [0.1],
  HEAP_NUMBER_TYPE [0.1],
  HEAP_NUMBER_TYPE [0.1],
  HEAP_NUMBER_TYPE [0.1],
  HEAP_NUMBER_TYPE [0.1],
  HEAP_NUMBER_TYPE [0.1],
  HEAP_NUMBER_TYPE [0.1],
  HEAP_NUMBER_TYPE [0.1],
  HEAP_NUMBER_TYPE [0.1],
  HEAP_NUMBER_TYPE [0.1],
  HEAP_NUMBER_TYPE [0.1],
  HEAP_NUMBER_TYPE [0.1],
  HEAP_NUMBER_TYPE [0.1],
  HEAP_NUMBER_TYPE [0.1],
  HEAP_NUMBER_TYPE [0.1],
  HEAP_NUMBER_TYPE [0.1],
  HEAP_NUMBER_TYPE [0.1],
  HEAP_NUMBER_TYPE [0.1],
  HEAP_NUMBER_TYPE [0.1],
  HEAP_NUMBER_TYPE [0.1],
  HEAP_NUMBER_TYPE [0.1],
  HEAP_NUMBER_TYPE [0.1],
  HEAP_NUMBER_TYPE [0.1],
  HEAP_NUMBER_TYPE [0.1],
  HEAP_NUMBER_TYPE [0.1],
  HEAP_NUMBER_TYPE [0.1],
  HEAP_NUMBER_TYPE [0.1],
  HEAP_NUMBER_TYPE [0.1],
  HEAP_NUMBER_TYPE [0.1],
  HEAP_NUMBER_TYPE [0.1],
  HEAP_NUMBER_TYPE [0.1],
  HEAP_NUMBER_TYPE [0.1],
  HEAP_NUMBER_TYPE [0.1],
  HEAP_NUMBER_TYPE [0.1],
  HEAP_NUMBER_TYPE [0.1],
  HEAP_NUMBER_TYPE [0.1],
  HEAP_NUMBER_TYPE [0.1],
  HEAP_NUMBER_TYPE [0.1],
  HEAP_NUMBER_TYPE [0.1],
  HEAP_NUMBER_TYPE [0.1],
  HEAP_NUMBER_TYPE [0.1],
  HEAP_NUMBER_TYPE [0.1],
  HEAP_NUMBER_TYPE [0.1],
  HEAP_NUMBER_TYPE [0.1],
  HEAP_NUMBER_TYPE [0.1],
  HEAP_NUMBER_TYPE [0.1],
  HEAP_NUMBER_TYPE [0.1],
  HEAP_NUMBER_TYPE [0.1],
  HEAP_NUMBER_TYPE [0.1],
  HEAP_NUMBER_TYPE [0.2],
  HEAP_NUMBER_TYPE [0.2],
  HEAP_NUMBER_TYPE [0.2],
  HEAP_NUMBER_TYPE [0.2],
  HEAP_NUMBER_TYPE [0.2],
  HEAP_NUMBER_TYPE [0.2],
  HEAP_NUMBER_TYPE [0.2],
  HEAP_NUMBER_TYPE [0.2],
  HEAP_NUMBER_TYPE [0.2],
  HEAP_NUMBER_TYPE [0.2],
  HEAP_NUMBER_TYPE [0.2],
  HEAP_NUMBER_TYPE [0.2],
  HEAP_NUMBER_TYPE [0.2],
  HEAP_NUMBER_TYPE [0.2],
  HEAP_NUMBER_TYPE [0.2],
  HEAP_NUMBER_TYPE [0.2],
  HEAP_NUMBER_TYPE [0.2],
  HEAP_NUMBER_TYPE [0.2],
  HEAP_NUMBER_TYPE [0.2],
  HEAP_NUMBER_TYPE [0.2],
  HEAP_NUMBER_TYPE [0.2],
  HEAP_NUMBER_TYPE [0.2],
  HEAP_NUMBER_TYPE [0.2],
  HEAP_NUMBER_TYPE [0.2],
  HEAP_NUMBER_TYPE [0.2],
  HEAP_NUMBER_TYPE [0.2],
  HEAP_NUMBER_TYPE [0.2],
  HEAP_NUMBER_TYPE [0.2],
  HEAP_NUMBER_TYPE [0.2],
  HEAP_NUMBER_TYPE [0.2],
  HEAP_NUMBER_TYPE [0.2],
  HEAP_NUMBER_TYPE [0.2],
  HEAP_NUMBER_TYPE [0.3],
  HEAP_NUMBER_TYPE [0.3],
  HEAP_NUMBER_TYPE [0.3],
  HEAP_NUMBER_TYPE [0.3],
  HEAP_NUMBER_TYPE [0.3],
  HEAP_NUMBER_TYPE [0.3],
  HEAP_NUMBER_TYPE [0.3],
  HEAP_NUMBER_TYPE [0.3],
  HEAP_NUMBER_TYPE [0.3],
  HEAP_NUMBER_TYPE [0.3],
  HEAP_NUMBER_TYPE [0.3],
  HEAP_NUMBER_TYPE [0.3],
  HEAP_NUMBER_TYPE [0.3],
  HEAP_NUMBER_TYPE [0.3],
  HEAP_NUMBER_TYPE [0.3],
  HEAP_NUMBER_TYPE [0.3],
  HEAP_NUMBER_TYPE [0.4],
  HEAP_NUMBER_TYPE [0.4],
  HEAP_NUMBER_TYPE [0.4],
  HEAP_NUMBER_TYPE [0.4],
  HEAP_NUMBER_TYPE [0.4],
  HEAP_NUMBER_TYPE [0.4],
  HEAP_NUMBER_TYPE [0.4],
  HEAP_NUMBER_TYPE [0.4],
]
handlers: [
]

